C:\FPGA\Internship_Jobs\Codes\Virtex6_MUL_IP_CORE2\implementation\system.ngc 1439541374
C:/FPGA/Internship_Jobs/Codes/Virtex6_MUL_IP_CORE2/implementation/system_rs232_uart_1_wrapper.ngc 1439541269
C:/FPGA/Internship_Jobs/Codes/Virtex6_MUL_IP_CORE2/implementation/system_proc_sys_reset_0_wrapper.ngc 1439541269
C:/FPGA/Internship_Jobs/Codes/Virtex6_MUL_IP_CORE2/implementation/system_clock_generator_0_wrapper.ngc 1439541317
C:/FPGA/Internship_Jobs/Codes/Virtex6_MUL_IP_CORE2/implementation/system_microblaze_0_ilmb_wrapper.ngc 1439541269
C:/FPGA/Internship_Jobs/Codes/Virtex6_MUL_IP_CORE2/implementation/system_microblaze_0_dlmb_wrapper.ngc 1439541269
C:/FPGA/Internship_Jobs/Codes/Virtex6_MUL_IP_CORE2/implementation/system_axi4lite_0_wrapper.ngc 1439541269
C:/FPGA/Internship_Jobs/Codes/Virtex6_MUL_IP_CORE2/implementation/system_axi4_0_wrapper.ngc 1439541269
C:/FPGA/Internship_Jobs/Codes/Virtex6_MUL_IP_CORE2/implementation/system_microblaze_0_wrapper.ngc 1439541269
C:/FPGA/Internship_Jobs/Codes/Virtex6_MUL_IP_CORE2/implementation/system_microblaze_0_i_bram_ctrl_wrapper.ngc 1439541269
C:/FPGA/Internship_Jobs/Codes/Virtex6_MUL_IP_CORE2/implementation/system_microblaze_0_d_bram_ctrl_wrapper.ngc 1439541269
C:/FPGA/Internship_Jobs/Codes/Virtex6_MUL_IP_CORE2/implementation/system_debug_module_wrapper.ngc 1439541269
C:/FPGA/Internship_Jobs/Codes/Virtex6_MUL_IP_CORE2/implementation/system_linear_flash_wrapper.ngc 1439541269
C:/FPGA/Internship_Jobs/Codes/Virtex6_MUL_IP_CORE2/implementation/system_leds_positions_wrapper.ngc 1439541269
C:/FPGA/Internship_Jobs/Codes/Virtex6_MUL_IP_CORE2/implementation/system_leds_8bits_wrapper.ngc 1439541269
C:/FPGA/Internship_Jobs/Codes/Virtex6_MUL_IP_CORE2/implementation/system_matrix_mul_ip_core_s_int_g_0_wrapper.ngc 1439541324
C:/FPGA/Internship_Jobs/Codes/Virtex6_MUL_IP_CORE2/implementation/system_ddr3_sdram_wrapper.ngc 1439541269
C:/FPGA/Internship_Jobs/Codes/Virtex6_MUL_IP_CORE2/implementation/system_microblaze_0_bram_block_wrapper.ngc 1439541269
C:/FPGA/Internship_Jobs/Codes/Virtex6_MUL_IP_CORE2/implementation/system_linear_flash_invertor_wrapper.ngc 1439541269
OK
