Release 14.7 - xst P.20131013 (nt64)
Copyright (c) 1995-2013 Xilinx, Inc.  All rights reserved.
--> Parameter TMPDIR set to xst/projnav.tmp


Total REAL time to Xst completion: 0.00 secs
Total CPU time to Xst completion: 0.37 secs
 
--> Parameter xsthdpdir set to xst


Total REAL time to Xst completion: 0.00 secs
Total CPU time to Xst completion: 0.37 secs
 
--> Reading design: MEMARRAY_V2.prj

TABLE OF CONTENTS
  1) Synthesis Options Summary
  2) HDL Parsing
  3) HDL Elaboration
  4) HDL Synthesis
       4.1) HDL Synthesis Report
  5) Advanced HDL Synthesis
       5.1) Advanced HDL Synthesis Report
  6) Low Level Synthesis
  7) Partition Report
  8) Design Summary
       8.1) Primitive and Black Box Usage
       8.2) Device utilization summary
       8.3) Partition Resource Summary
       8.4) Timing Report
            8.4.1) Clock Information
            8.4.2) Asynchronous Control Signals Information
            8.4.3) Timing Summary
            8.4.4) Timing Details
            8.4.5) Cross Clock Domains Report


=========================================================================
*                      Synthesis Options Summary                        *
=========================================================================
---- Source Parameters
Input File Name                    : "MEMARRAY_V2.prj"
Ignore Synthesis Constraint File   : NO

---- Target Parameters
Output File Name                   : "MEMARRAY_V2"
Output Format                      : NGC
Target Device                      : xc7vx485t-2-ffg1157

---- Source Options
Top Module Name                    : MEMARRAY_V2
Automatic FSM Extraction           : YES
FSM Encoding Algorithm             : Auto
Safe Implementation                : No
FSM Style                          : LUT
RAM Extraction                     : Yes
RAM Style                          : Auto
ROM Extraction                     : Yes
Shift Register Extraction          : YES
ROM Style                          : Auto
Resource Sharing                   : YES
Asynchronous To Synchronous        : NO
Shift Register Minimum Size        : 2
Use DSP Block                      : Auto
Automatic Register Balancing       : No

---- Target Options
LUT Combining                      : Auto
Reduce Control Sets                : Auto
Add IO Buffers                     : YES
Global Maximum Fanout              : 100000
Add Generic Clock Buffer(BUFG)     : 32
Register Duplication               : YES
Optimize Instantiated Primitives   : NO
Use Clock Enable                   : Auto
Use Synchronous Set                : Auto
Use Synchronous Reset              : Auto
Pack IO Registers into IOBs        : Auto
Equivalent register Removal        : YES

---- General Options
Optimization Goal                  : Speed
Optimization Effort                : 1
Power Reduction                    : NO
Keep Hierarchy                     : No
Netlist Hierarchy                  : As_Optimized
RTL Output                         : Yes
Global Optimization                : AllClockNets
Read Cores                         : YES
Write Timing Constraints           : NO
Cross Clock Analysis               : NO
Hierarchy Separator                : /
Bus Delimiter                      : <>
Case Specifier                     : Maintain
Slice Utilization Ratio            : 100
BRAM Utilization Ratio             : 100
DSP48 Utilization Ratio            : 100
Auto BRAM Packing                  : NO
Slice Utilization Ratio Delta      : 5

---- Other Options
Cores Search Directories           : {"ipcore_dir"  }

=========================================================================


=========================================================================
*                          HDL Parsing                                  *
=========================================================================
Parsing VHDL file "C:\FPGA\Internship Jobs\Codes\ETSE_GDSP\Matrix_for_RBM\ipcore_dir\DSP_INPUT_C.vhd" into library work
Parsing entity <DSP_INPUT_C>.
Parsing architecture <DSP_INPUT_C_a> of entity <dsp_input_c>.
Parsing VHDL file "C:\FPGA\Internship Jobs\Codes\ETSE_GDSP\Matrix_for_RBM\ipcore_dir\BRAM18x1k.vhd" into library work
Parsing entity <BRAM18x1k>.
Parsing architecture <BRAM18x1k_a> of entity <bram18x1k>.
Parsing VHDL file "C:\FPGA\Internship Jobs\Codes\ETSE_GDSP\Matrix_for_RBM\ipcore_dir\BRAM18x1k_synth.vhd" into library work
Parsing entity <BRAM18x1k>.
WARNING:HDLCompiler:685 - "C:\FPGA\Internship Jobs\Codes\ETSE_GDSP\Matrix_for_RBM\ipcore_dir\BRAM18x1k_synth.vhd" Line 65: Overwriting existing primary unit bram18x1k
Parsing architecture <virtex7> of entity <bram18x1k>.
Parsing VHDL file "C:\FPGA\Internship Jobs\Codes\ETSE_GDSP\Matrix_for_RBM\SCRATCHPAD_REG.vhd" into library work
Parsing entity <SCRATCHPAD_REG>.
Parsing architecture <Behavioral> of entity <scratchpad_reg>.
Parsing VHDL file "C:\FPGA\Internship Jobs\Codes\ETSE_GDSP\Matrix_for_RBM\BRAM_WRAPPER_V2.vhd" into library work
Parsing entity <BRAM_WRAPPER_V2>.
Parsing architecture <Behavioral> of entity <bram_wrapper_v2>.
Parsing VHDL file "C:\FPGA\Internship Jobs\Codes\ETSE_GDSP\Matrix_for_RBM\MEMARRAY_V2.vhd" into library work
Parsing entity <MEMARRAY_V2>.
Parsing architecture <Behavioral> of entity <memarray_v2>.

=========================================================================
*                            HDL Elaboration                            *
=========================================================================

Elaborating entity <MEMARRAY_V2> (architecture <Behavioral>) with generics from library <work>.

Elaborating entity <BRAM_WRAPPER_V2> (architecture <Behavioral>) with generics from library <work>.
WARNING:HDLCompiler:1127 - "C:\FPGA\Internship Jobs\Codes\ETSE_GDSP\Matrix_for_RBM\BRAM_WRAPPER_V2.vhd" Line 51: Assignment to i_oe ignored, since the identifier is never used

Elaborating entity <BRAM18x1k> (architecture <virtex7>) from library <work>.

Elaborating entity <BRAM_WRAPPER_V2> (architecture <Behavioral>) with generics from library <work>.

Elaborating entity <BRAM_WRAPPER_V2> (architecture <Behavioral>) with generics from library <work>.

Elaborating entity <DSP_INPUT_C> (architecture <DSP_INPUT_C_a>) from library <work>.

Elaborating entity <SCRATCHPAD_REG> (architecture <Behavioral>) with generics from library <work>.

=========================================================================
*                           HDL Synthesis                               *
=========================================================================

Synthesizing Unit <MEMARRAY_V2>.
    Related source file is "C:\FPGA\Internship Jobs\Codes\ETSE_GDSP\Matrix_for_RBM\MEMARRAY_V2.vhd".
        COLUMN_TOTAL = 3
        OPCODE_WIDTH = 3
        ADDR_WIDTH = 10
        DATA_WIDTH = 18
        DATA_WIDE_WIDTH = 48
WARNING:Xst:647 - Input <OE> is never used. This port will be preserved and left unconnected if it belongs to a top-level block or it belongs to a sub-block and the hierarchy of this sub-block is preserved.
    Found 10-bit register for signal <p_ADDR<1>>.
    Found 10-bit register for signal <p_ADDR<2>>.
    Found 10-bit register for signal <p_ADDR<3>>.
    Found 10-bit register for signal <p_ADDR<4>>.
    Found 10-bit register for signal <p_ADDR<5>>.
    Found 10-bit register for signal <p_ADDR<6>>.
    Found 10-bit register for signal <p_ADDR<7>>.
    Found 10-bit register for signal <p_ADDR<8>>.
    Found 3-bit register for signal <p_WEB<0>>.
    Found 3-bit register for signal <p_WEB<1>>.
    Found 3-bit register for signal <p_WEB<2>>.
    Found 3-bit register for signal <p_WEB<3>>.
    Found 3-bit register for signal <p_WEB<4>>.
    Found 3-bit register for signal <p_WEB<5>>.
    Found 3-bit register for signal <p_WEB<6>>.
    Found 3-bit register for signal <p_WEB<7>>.
    Found 3-bit register for signal <p_WEB<8>>.
    Found 10-bit register for signal <i_ADDR>.
    Found 3-bit register for signal <i_WEB>.
    Found 3-bit register for signal <p_OPCODE<0>>.
    Found 3-bit register for signal <p_OPCODE<1>>.
    Found 18-bit register for signal <p_DIN<0>>.
    Found 18-bit register for signal <p_DIN<1>>.
    Found 18-bit register for signal <i_DIN>.
    Found 3-bit register for signal <i_OPCODE>.
    Found 10-bit register for signal <p_ADDR<0>>.
    Summary:
	inferred 193 D-type flip-flop(s).
Unit <MEMARRAY_V2> synthesized.

Synthesizing Unit <BRAM_WRAPPER_V2_1>.
    Related source file is "C:\FPGA\Internship Jobs\Codes\ETSE_GDSP\Matrix_for_RBM\BRAM_WRAPPER_V2.vhd".
        COLUMN_NUMBER = 0
        NUM_COLUMNS = 3
        ADDR_WIDTH = 10
        DATA_WIDTH = 18
    Found 1-bit register for signal <i_rst>.
    Found 18-bit register for signal <i_dina>.
    Found 10-bit register for signal <i_addra>.
    Found 10-bit register for signal <i_addrb>.
    Found 1-bit register for signal <i_wea>.
    Found 9-bit subtractor for signal <GND_5_o_GND_5_o_sub_4_OUT<8:0>> created at line 1308.
    Found 9-bit subtractor for signal <GND_5_o_GND_5_o_sub_10_OUT<8:0>> created at line 1308.
    Found 9-bit comparator greater for signal <GND_5_o_ADDRA[8]_LessThan_2_o> created at line 59
    Found 9-bit comparator greater for signal <GND_5_o_ADDRB[8]_LessThan_8_o> created at line 65
    Summary:
	inferred   2 Adder/Subtractor(s).
	inferred  40 D-type flip-flop(s).
	inferred   2 Comparator(s).
	inferred   4 Multiplexer(s).
Unit <BRAM_WRAPPER_V2_1> synthesized.

Synthesizing Unit <BRAM_WRAPPER_V2_2>.
    Related source file is "C:\FPGA\Internship Jobs\Codes\ETSE_GDSP\Matrix_for_RBM\BRAM_WRAPPER_V2.vhd".
        COLUMN_NUMBER = 1
        NUM_COLUMNS = 3
        ADDR_WIDTH = 10
        DATA_WIDTH = 18
    Found 1-bit register for signal <i_rst>.
    Found 18-bit register for signal <i_dina>.
    Found 10-bit register for signal <i_addra>.
    Found 10-bit register for signal <i_addrb>.
    Found 1-bit register for signal <i_wea>.
    Found 9-bit adder for signal <ADDRA[8]_GND_7_o_add_4_OUT> created at line 1241.
    Found 9-bit adder for signal <ADDRB[8]_GND_7_o_add_10_OUT> created at line 1241.
    Found 9-bit subtractor for signal <GND_7_o_GND_7_o_sub_4_OUT<8:0>> created at line 1308.
    Found 9-bit subtractor for signal <GND_7_o_GND_7_o_sub_10_OUT<8:0>> created at line 1308.
    Found 9-bit comparator greater for signal <GND_7_o_ADDRA[8]_LessThan_2_o> created at line 59
    Found 9-bit comparator greater for signal <GND_7_o_ADDRB[8]_LessThan_8_o> created at line 65
    Summary:
	inferred   4 Adder/Subtractor(s).
	inferred  40 D-type flip-flop(s).
	inferred   2 Comparator(s).
	inferred   4 Multiplexer(s).
Unit <BRAM_WRAPPER_V2_2> synthesized.

Synthesizing Unit <BRAM_WRAPPER_V2_3>.
    Related source file is "C:\FPGA\Internship Jobs\Codes\ETSE_GDSP\Matrix_for_RBM\BRAM_WRAPPER_V2.vhd".
        COLUMN_NUMBER = 2
        NUM_COLUMNS = 3
        ADDR_WIDTH = 10
        DATA_WIDTH = 18
    Found 1-bit register for signal <i_rst>.
    Found 18-bit register for signal <i_dina>.
    Found 10-bit register for signal <i_addra>.
    Found 10-bit register for signal <i_addrb>.
    Found 1-bit register for signal <i_wea>.
    Found 9-bit adder for signal <ADDRA[8]_GND_8_o_add_4_OUT> created at line 1241.
    Found 9-bit adder for signal <ADDRB[8]_GND_8_o_add_10_OUT> created at line 1241.
    Found 9-bit subtractor for signal <GND_8_o_GND_8_o_sub_4_OUT<8:0>> created at line 1308.
    Found 9-bit subtractor for signal <GND_8_o_GND_8_o_sub_10_OUT<8:0>> created at line 1308.
    Found 9-bit comparator greater for signal <GND_8_o_ADDRA[8]_LessThan_2_o> created at line 59
    Found 9-bit comparator greater for signal <GND_8_o_ADDRB[8]_LessThan_8_o> created at line 65
    Summary:
	inferred   4 Adder/Subtractor(s).
	inferred  40 D-type flip-flop(s).
	inferred   2 Comparator(s).
	inferred   4 Multiplexer(s).
Unit <BRAM_WRAPPER_V2_3> synthesized.

Synthesizing Unit <SCRATCHPAD_REG>.
    Related source file is "C:\FPGA\Internship Jobs\Codes\ETSE_GDSP\Matrix_for_RBM\SCRATCHPAD_REG.vhd".
        DATA_WIDTH = 18
        COLUMN_TOTAL = 3
    Found 18-bit register for signal <DOUT>.
    Summary:
	inferred  18 D-type flip-flop(s).
	inferred   1 Multiplexer(s).
Unit <SCRATCHPAD_REG> synthesized.

=========================================================================
HDL Synthesis Report

Macro Statistics
# Adders/Subtractors                                   : 10
 9-bit adder                                           : 4
 9-bit subtractor                                      : 6
# Registers                                            : 44
 1-bit register                                        : 6
 10-bit register                                       : 16
 18-bit register                                       : 9
 3-bit register                                        : 13
# Comparators                                          : 6
 9-bit comparator greater                              : 6
# Multiplexers                                         : 15
 18-bit 2-to-1 multiplexer                             : 3
 9-bit 2-to-1 multiplexer                              : 12

=========================================================================

=========================================================================
*                       Advanced HDL Synthesis                          *
=========================================================================

Reading core <ipcore_dir/DSP_INPUT_C.ngc>.
Reading core <ipcore_dir/BRAM18x1k.ngc>.
Loading core <DSP_INPUT_C> for timing and area information for instance <FIRST_DSP>.
Loading core <DSP_INPUT_C> for timing and area information for instance <BLOCK_A_DSP_GEN[1].DSP>.
Loading core <DSP_INPUT_C> for timing and area information for instance <BLOCK_A_DSP_GEN[2].DSP>.
Loading core <BRAM18x1k> for timing and area information for instance <BMG_PORT>.
Loading core <BRAM18x1k> for timing and area information for instance <BMG_PORT>.
Loading core <BRAM18x1k> for timing and area information for instance <BMG_PORT>.

=========================================================================
Advanced HDL Synthesis Report

Macro Statistics
# Adders/Subtractors                                   : 10
 9-bit adder                                           : 4
 9-bit subtractor                                      : 6
# Registers                                            : 367
 Flip-Flops                                            : 367
# Comparators                                          : 6
 9-bit comparator greater                              : 6
# Multiplexers                                         : 15
 18-bit 2-to-1 multiplexer                             : 3
 9-bit 2-to-1 multiplexer                              : 12

=========================================================================

=========================================================================
*                         Low Level Synthesis                           *
=========================================================================

Optimizing unit <MEMARRAY_V2> ...

Optimizing unit <BRAM_WRAPPER_V2_1> ...

Optimizing unit <BRAM_WRAPPER_V2_2> ...

Optimizing unit <BRAM_WRAPPER_V2_3> ...

Optimizing unit <SCRATCHPAD_REG> ...
INFO:Xst:2261 - The FF/Latch <BLOCK_A_MEM_GEN[0].MEMA/i_addrb_9> in Unit <MEMARRAY_V2> is equivalent to the following 2 FFs/Latches, which will be removed : <BLOCK_A_MEM_GEN[1].MEMA/i_addrb_9> <BLOCK_A_MEM_GEN[2].MEMA/i_addrb_9> 
INFO:Xst:2261 - The FF/Latch <BLOCK_A_MEM_GEN[0].MEMA/i_addra_9> in Unit <MEMARRAY_V2> is equivalent to the following 2 FFs/Latches, which will be removed : <BLOCK_A_MEM_GEN[1].MEMA/i_addra_9> <BLOCK_A_MEM_GEN[2].MEMA/i_addra_9> 

Mapping all equations...
Building and optimizing final netlist ...
Found area constraint ratio of 100 (+ 5) on block MEMARRAY_V2, actual ratio is 0.
FlipFlop i_ADDR_1 has been replicated 1 time(s)
FlipFlop i_ADDR_2 has been replicated 1 time(s)
FlipFlop i_ADDR_4 has been replicated 1 time(s)
FlipFlop i_ADDR_7 has been replicated 1 time(s)

Final Macro Processing ...

Processing Unit <MEMARRAY_V2> :
	Found 3-bit shift register for signal <i_DIN_0>.
	Found 3-bit shift register for signal <i_DIN_1>.
	Found 3-bit shift register for signal <i_DIN_2>.
	Found 3-bit shift register for signal <i_DIN_3>.
	Found 3-bit shift register for signal <i_DIN_4>.
	Found 3-bit shift register for signal <i_DIN_5>.
	Found 3-bit shift register for signal <i_DIN_6>.
	Found 3-bit shift register for signal <i_DIN_7>.
	Found 3-bit shift register for signal <i_DIN_8>.
	Found 3-bit shift register for signal <i_DIN_9>.
	Found 3-bit shift register for signal <i_DIN_10>.
	Found 3-bit shift register for signal <i_DIN_11>.
	Found 3-bit shift register for signal <i_DIN_12>.
	Found 3-bit shift register for signal <i_DIN_13>.
	Found 3-bit shift register for signal <i_DIN_14>.
	Found 3-bit shift register for signal <i_DIN_15>.
	Found 3-bit shift register for signal <i_DIN_16>.
	Found 3-bit shift register for signal <i_DIN_17>.
	Found 3-bit shift register for signal <i_OPCODE_0>.
	Found 3-bit shift register for signal <i_OPCODE_1>.
	Found 3-bit shift register for signal <i_OPCODE_2>.
	Found 9-bit shift register for signal <p_ADDR_8_1>.
	Found 9-bit shift register for signal <p_ADDR_8_2>.
	Found 9-bit shift register for signal <p_ADDR_8_4>.
	Found 9-bit shift register for signal <p_ADDR_8_7>.
	Found 10-bit shift register for signal <i_ADDR_0>.
	Found 10-bit shift register for signal <i_ADDR_3>.
	Found 10-bit shift register for signal <i_ADDR_5>.
	Found 10-bit shift register for signal <i_ADDR_6>.
	Found 10-bit shift register for signal <i_ADDR_8>.
	Found 11-bit shift register for signal <BLOCK_A_MEM_GEN[0].MEMA/i_addra_9>.
	Found 10-bit shift register for signal <BLOCK_A_MEM_GEN[0].MEMA/i_wea_0>.
	Found 10-bit shift register for signal <BLOCK_A_MEM_GEN[1].MEMA/i_wea_0>.
	Found 10-bit shift register for signal <BLOCK_A_MEM_GEN[2].MEMA/i_wea_0>.
Unit <MEMARRAY_V2> processed.

=========================================================================
Final Register Report

Macro Statistics
# Registers                                            : 177
 Flip-Flops                                            : 177
# Shift Registers                                      : 34
 10-bit shift register                                 : 8
 11-bit shift register                                 : 1
 3-bit shift register                                  : 21
 9-bit shift register                                  : 4

=========================================================================

=========================================================================
*                           Partition Report                            *
=========================================================================

Partition Implementation Status
-------------------------------

  No Partitions were found in this design.

-------------------------------

=========================================================================
*                            Design Summary                             *
=========================================================================

Top Level Output File Name         : MEMARRAY_V2.ngc

Primitive and Black Box Usage:
------------------------------
# BELS                             : 430
#      GND                         : 7
#      INV                         : 4
#      LUT2                        : 210
#      LUT3                        : 87
#      LUT4                        : 20
#      LUT5                        : 27
#      LUT6                        : 63
#      MUXF7                       : 5
#      VCC                         : 7
# FlipFlops/Latches                : 1201
#      FD                          : 1164
#      FDE                         : 34
#      FDR                         : 3
# RAMS                             : 3
#      RAMB18E1                    : 3
# Shift Registers                  : 34
#      SRLC16E                     : 34
# Clock Buffers                    : 1
#      BUFGP                       : 1
# IO Buffers                       : 65
#      IBUF                        : 47
#      OBUF                        : 18
# DSPs                             : 3
#      DSP48E1                     : 3

Device utilization summary:
---------------------------

Selected Device : 7vx485tffg1157-2 


Slice Logic Utilization: 
 Number of Slice Registers:            1201  out of  607200     0%  
 Number of Slice LUTs:                  445  out of  303600     0%  
    Number used as Logic:               411  out of  303600     0%  
    Number used as Memory:               34  out of  130800     0%  
       Number used as SRL:               34

Slice Logic Distribution: 
 Number of LUT Flip Flop pairs used:   1274
   Number with an unused Flip Flop:      73  out of   1274     5%  
   Number with an unused LUT:           829  out of   1274    65%  
   Number of fully used LUT-FF pairs:   372  out of   1274    29%  
   Number of unique control sets:         6

IO Utilization: 
 Number of IOs:                          67
 Number of bonded IOBs:                  66  out of    600    11%  

Specific Feature Utilization:
 Number of Block RAM/FIFO:                2  out of   1030     0%  
    Number using Block RAM only:          2
 Number of BUFG/BUFGCTRLs:                1  out of     32     3%  
 Number of DSP48E1s:                      3  out of   2800     0%  

---------------------------
Partition Resource Summary:
---------------------------

  No Partitions were found in this design.

---------------------------


=========================================================================
Timing Report

NOTE: THESE TIMING NUMBERS ARE ONLY A SYNTHESIS ESTIMATE.
      FOR ACCURATE TIMING INFORMATION PLEASE REFER TO THE TRACE REPORT
      GENERATED AFTER PLACE-and-ROUTE.

Clock Information:
------------------
-----------------------------------+------------------------+-------+
Clock Signal                       | Clock buffer(FF name)  | Load  |
-----------------------------------+------------------------+-------+
CLK                                | BUFGP                  | 1241  |
-----------------------------------+------------------------+-------+

Asynchronous Control Signals Information:
----------------------------------------
No asynchronous control signals found in this design

Timing Summary:
---------------
Speed Grade: -2

   Minimum period: 2.157ns (Maximum Frequency: 463.693MHz)
   Minimum input arrival time before clock: 2.704ns
   Maximum output required time after clock: 0.699ns
   Maximum combinational path delay: No path found

Timing Details:
---------------
All values displayed in nanoseconds (ns)

=========================================================================
Timing constraint: Default period analysis for Clock 'CLK'
  Clock period: 2.157ns (frequency: 463.693MHz)
  Total number of paths / destination ports: 2590 / 1587
-------------------------------------------------------------------------
Delay:               2.157ns (Levels of Logic = 4)
  Source:            i_ADDR_8 (FF)
  Destination:       BLOCK_A_MEM_GEN[2].MEMA/i_addra_8 (FF)
  Source Clock:      CLK rising
  Destination Clock: CLK rising

  Data Path: i_ADDR_8 to BLOCK_A_MEM_GEN[2].MEMA/i_addra_8
                                Gate     Net
    Cell:in->out      fanout   Delay   Delay  Logical Name (Net Name)
    ----------------------------------------  ------------
     FDE:C->Q              7   0.236   0.647  i_ADDR_8 (i_ADDR_8)
     LUT6:I0->O            4   0.043   0.367  BLOCK_A_MEM_GEN[2].MEMA/GND_8_o_ADDRA[8]_LessThan_2_o11 (BLOCK_A_MEM_GEN[2].MEMA/GND_8_o_ADDRA[8]_LessThan_2_o1)
     LUT6:I5->O            7   0.043   0.384  BLOCK_A_MEM_GEN[2].MEMA/GND_8_o_ADDRA[8]_LessThan_2_o13 (BLOCK_A_MEM_GEN[2].MEMA/GND_8_o_ADDRA[8]_LessThan_2_o)
     LUT6:I5->O            1   0.043   0.350  BLOCK_A_MEM_GEN[2].MEMA/Mmux_ADDRA[8]_ADDRA[8]_mux_12_OUT92_SW0 (N38)
     LUT6:I5->O            1   0.043   0.000  BLOCK_A_MEM_GEN[2].MEMA/Mmux_ADDRA[8]_ADDRA[8]_mux_12_OUT94 (BLOCK_A_MEM_GEN[2].MEMA/ADDRA[8]_ADDRA[8]_mux_12_OUT<8>)
     FD:D                     -0.000          BLOCK_A_MEM_GEN[2].MEMA/i_addra_8
    ----------------------------------------
    Total                      2.157ns (0.408ns logic, 1.749ns route)
                                       (18.9% logic, 81.1% route)

=========================================================================
Timing constraint: Default OFFSET IN BEFORE for Clock 'CLK'
  Total number of paths / destination ports: 1174 / 149
-------------------------------------------------------------------------
Offset:              2.704ns (Levels of Logic = 6)
  Source:            ADDRB<7> (PAD)
  Destination:       BLOCK_A_MEM_GEN[2].MEMA/i_addrb_8 (FF)
  Destination Clock: CLK rising

  Data Path: ADDRB<7> to BLOCK_A_MEM_GEN[2].MEMA/i_addrb_8
                                Gate     Net
    Cell:in->out      fanout   Delay   Delay  Logical Name (Net Name)
    ----------------------------------------  ------------
     IBUF:I->O            14   0.000   0.675  ADDRB_7_IBUF (ADDRB_7_IBUF)
     LUT6:I1->O            1   0.043   0.405  BLOCK_A_MEM_GEN[2].MEMA/GND_8_o_ADDRB[8]_LessThan_8_o11 (BLOCK_A_MEM_GEN[2].MEMA/GND_8_o_ADDRB[8]_LessThan_8_o1)
     LUT6:I4->O            8   0.043   0.534  BLOCK_A_MEM_GEN[2].MEMA/GND_8_o_ADDRB[8]_LessThan_8_o13 (BLOCK_A_MEM_GEN[2].MEMA/GND_8_o_ADDRB[8]_LessThan_8_o)
     LUT4:I1->O            4   0.043   0.367  BLOCK_A_MEM_GEN[2].MEMA/Mmux_ADDRB[8]_ADDRB[8]_mux_13_OUT421 (BLOCK_A_MEM_GEN[2].MEMA/Mmux_ADDRB[8]_ADDRB[8]_mux_13_OUT42)
     LUT4:I3->O            3   0.043   0.507  BLOCK_A_MEM_GEN[2].MEMA/Mmux_ADDRB[8]_ADDRB[8]_mux_13_OUT721 (BLOCK_A_MEM_GEN[2].MEMA/Mmux_ADDRB[8]_ADDRB[8]_mux_13_OUT72)
     LUT6:I3->O            1   0.043   0.000  BLOCK_A_MEM_GEN[2].MEMA/Mmux_ADDRB[8]_ADDRB[8]_mux_13_OUT94 (BLOCK_A_MEM_GEN[2].MEMA/ADDRB[8]_ADDRB[8]_mux_13_OUT<8>)
     FD:D                     -0.000          BLOCK_A_MEM_GEN[2].MEMA/i_addrb_8
    ----------------------------------------
    Total                      2.704ns (0.215ns logic, 2.489ns route)
                                       (8.0% logic, 92.0% route)

=========================================================================
Timing constraint: Default OFFSET OUT AFTER for Clock 'CLK'
  Total number of paths / destination ports: 18 / 18
-------------------------------------------------------------------------
Offset:              0.699ns (Levels of Logic = 2)
  Source:            BLOCK_A_DSP_GEN[2].DSP/blk00000003 (DSP)
  Destination:       DOUT<17> (PAD)
  Source Clock:      CLK rising

  Data Path: BLOCK_A_DSP_GEN[2].DSP/blk00000003 to DOUT<17>
                                Gate     Net
    Cell:in->out      fanout   Delay   Delay  Logical Name (Net Name)
    ----------------------------------------  ------------
     DSP48E1:CLK->P17      3   0.348   0.351  blk00000003 (p<17>)
     end scope: 'BLOCK_A_DSP_GEN[2].DSP:p<17>'
     OBUF:I->O                 0.000          DOUT_17_OBUF (DOUT<17>)
    ----------------------------------------
    Total                      0.699ns (0.348ns logic, 0.351ns route)
                                       (49.8% logic, 50.2% route)

=========================================================================

Cross Clock Domains Report:
--------------------------

Clock to Setup on destination clock CLK
---------------+---------+---------+---------+---------+
               | Src:Rise| Src:Fall| Src:Rise| Src:Fall|
Source Clock   |Dest:Rise|Dest:Rise|Dest:Fall|Dest:Fall|
---------------+---------+---------+---------+---------+
CLK            |    2.157|         |         |         |
---------------+---------+---------+---------+---------+

=========================================================================


Total REAL time to Xst completion: 43.00 secs
Total CPU time to Xst completion: 43.77 secs
 
--> 

Total memory usage is 488036 kilobytes

Number of errors   :    0 (   0 filtered)
Number of warnings :    3 (   0 filtered)
Number of infos    :    2 (   0 filtered)

